[55gms.me/misc/slope/index.html]
[backblue.gif]
[fade.gif]
[index.html]
[55gms.me/misc/slope/shared/style.css]
[55gms.me/misc/slope/TemplateData56/style.css]
[55gms.me/misc/slope/TemplateData56/UnityProgress.js]
[55gms.me/misc/slope/TemplateData/favicon.ico]
[55gms.me/misc/slope/slope4.jpeg]
[55gms.me/misc/slope/Build/UnityLoader.js]
[55gms.me/assets/js/script3f56.js]
[55gms.me/misc/slope/shared/lib.js]
[55gms.me/misc/slope/shared/gamebreak/gamebreak.js]
[55gms.me/misc/slope/index.html]
[55gms.me/misc/slope/shared/style.css]
[55gms.me/misc/slope/TemplateData56/logo.png]
[55gms.me/misc/slope/TemplateData56/progressEmpty.Light.png]
[55gms.me/misc/slope/TemplateData56/progressFull.Light.png]
[55gms.me/misc/slope/TemplateData/y8-logo.png]
[55gms.me/misc/slope/TemplateData56/webgl-logo.png]
[55gms.me/misc/slope/TemplateData56/fullscreen.png]
[55gms.me/misc/slope/TemplateData56/unity-enable.png]
[55gms.me/misc/slope/TemplateData56/unity-disable.png]
[55gms.me/misc/slope/TemplateData56/webgl-enable.png]
[55gms.me/misc/slope/TemplateData56/webgl-disable.png]
[55gms.me/misc/slope/TemplateData56/maximize-icon.png]
[55gms.me/misc/slope/TemplateData56/style.css]
[55gms.me/misc/slope/TemplateData/favicon.html]
[55gms.me/misc/slope/slope4.html]
[55gms.me/misc/slope/TemplateData56/logo.html]
[55gms.me/misc/slope/TemplateData56/progressEmpty.Light.html]
[55gms.me/misc/slope/TemplateData56/progressFull.Light.html]
[55gms.me/misc/slope/TemplateData56/webgl-logo.html]
[55gms.me/misc/slope/TemplateData56/fullscreen.html]
[55gms.me/misc/slope/TemplateData56/unity-enable.html]
[55gms.me/misc/slope/TemplateData56/unity-disable.html]
[55gms.me/misc/slope/TemplateData56/webgl-enable.html]
[55gms.me/misc/slope/TemplateData56/webgl-disable.html]
[55gms.me/misc/slope/TemplateData56/maximize-icon.html]
